---
source: graphql-parser/tests/tests.rs
expression: "format!(\"{}\\n---\\n{:#?}\", & input, & parse_query_result)"
---
querry MyQuery {
  field1
}

---
Err(
    ParseError(
        "Parse error at 1:1\nUnexpected `querry[Name]`\nExpected `{`, `query`, `mutation`, `subscription` or `fragment`\n",
    ),
)
