---
source: graphql-parser/tests/tests.rs
expression: result
---
Ok(
    Document {
        definitions: [
            Type(
                Scalar(
                    ScalarType {
                        position: Pos(2:1),
                        description: Some(
                            "This is the best scalar type",
                        ),
                        name: "BestType",
                        directives: [
                            Directive {
                                position: Pos(2:17),
                                name: "perfectness",
                                arguments: [
                                    (
                                        "value",
                                        Int(
                                            100500,
                                        ),
                                    ),
                                ],
                            },
                        ],
                    },
                ),
            ),
        ],
    },
)
