---
source: graphql-parser/tests/tests.rs
expression: result
---
Ok(
    Document {
        definitions: [
            Type(
                Union(
                    UnionType {
                        position: Pos(1:1),
                        description: None,
                        name: "Feed",
                        directives: [],
                        types: [
                            "Story",
                            "Article",
                            "Advert",
                        ],
                    },
                ),
            ),
        ],
    },
)
