---
source: graphql-parser/tests/tests.rs
expression: result
---
Ok(
    Document {
        definitions: [
            Type(
                Object(
                    ObjectType {
                        position: Pos(1:1),
                        description: None,
                        name: "Type1",
                        implements_interfaces: [
                            "IOne",
                            "ITwo",
                        ],
                        directives: [],
                        fields: [],
                    },
                ),
            ),
            Type(
                Object(
                    ObjectType {
                        position: Pos(2:1),
                        description: None,
                        name: "Type2",
                        implements_interfaces: [
                            "IOne",
                        ],
                        directives: [],
                        fields: [],
                    },
                ),
            ),
        ],
    },
)
