---
source: graphql-parser/tests/tests.rs
expression: "format!(\"{}\\n---\\n{:#?}\", & input, & parse_query_result)"
---
type Type1 implements IOne

type Type1 implements IOne & ITwo

---
Err(
    ParseError(
        "Parse error at 1:1\nUnexpected `type[Name]`\nExpected `{`, `query`, `mutation`, `subscription` or `fragment`\n",
    ),
)
