---
source: graphql-parser/tests/tests.rs
expression: "format!(\"{}\\n---\\n{:#?}\", & input, & parse_schema_result)"
---
query MyQuery {
  field1([something])
}

---
Err(
    ParseError(
        "Parse error at 2:10\nUnexpected `[[Punctuator]`\nExpected `Name`\n",
    ),
)
