---
source: graphql-parser/tests/tests.rs
expression: result
---
Err(
    ParseError(
        "Parse error at 1:1\nUnexpected `\"\"\"\r\nDirects the executor to include this field or fragment only when the `if` argument is true.\r\n\"\"\"[BlockString]`\nExpected `{`, `query`, `mutation`, `subscription` or `fragment`\n",
    ),
)
